mode: atomic
github.com/stepan/mywebapp/config.go:24.47,26.16 2 2
github.com/stepan/mywebapp/config.go:26.16,28.3 1 0
github.com/stepan/mywebapp/config.go:29.2,32.56 3 2
github.com/stepan/mywebapp/config.go:32.56,34.3 1 0
github.com/stepan/mywebapp/config.go:35.2,36.18 2 2
github.com/stepan/mywebapp/config.go:39.37,40.41 1 2
github.com/stepan/mywebapp/config.go:40.41,42.3 1 1
github.com/stepan/mywebapp/config.go:43.2,43.41 1 2
github.com/stepan/mywebapp/config.go:43.41,44.44 1 1
github.com/stepan/mywebapp/config.go:44.44,46.4 1 1
github.com/stepan/mywebapp/config.go:48.2,48.40 1 2
github.com/stepan/mywebapp/config.go:48.40,50.3 1 0
github.com/stepan/mywebapp/config.go:51.2,51.40 1 2
github.com/stepan/mywebapp/config.go:51.40,52.44 1 0
github.com/stepan/mywebapp/config.go:52.44,54.4 1 0
github.com/stepan/mywebapp/config.go:56.2,56.40 1 2
github.com/stepan/mywebapp/config.go:56.40,58.3 1 1
github.com/stepan/mywebapp/config.go:59.2,59.44 1 2
github.com/stepan/mywebapp/config.go:59.44,61.3 1 1
github.com/stepan/mywebapp/config.go:62.2,62.40 1 2
github.com/stepan/mywebapp/config.go:62.40,64.3 1 0
github.com/stepan/mywebapp/db.go:10.35,19.2 1 0
github.com/stepan/mywebapp/db.go:21.43,23.16 2 0
github.com/stepan/mywebapp/db.go:23.16,25.3 1 0
github.com/stepan/mywebapp/db.go:26.2,26.34 1 0
github.com/stepan/mywebapp/db.go:26.34,29.3 2 0
github.com/stepan/mywebapp/db.go:30.2,30.16 1 0
github.com/stepan/mywebapp/db.go:33.32,43.2 2 0
github.com/stepan/mywebapp/handlers.go:24.66,25.23 1 2
github.com/stepan/mywebapp/handlers.go:25.23,28.3 2 1
github.com/stepan/mywebapp/handlers.go:29.2,36.25 2 1
github.com/stepan/mywebapp/handlers.go:39.67,42.2 2 1
github.com/stepan/mywebapp/handlers.go:44.67,45.36 1 2
github.com/stepan/mywebapp/handlers.go:45.36,48.3 2 1
github.com/stepan/mywebapp/handlers.go:49.2,50.21 2 1
github.com/stepan/mywebapp/handlers.go:53.67,54.18 1 2
github.com/stepan/mywebapp/handlers.go:55.22,56.20 1 1
github.com/stepan/mywebapp/handlers.go:57.23,58.21 1 1
github.com/stepan/mywebapp/handlers.go:59.10,60.67 1 0
github.com/stepan/mywebapp/handlers.go:64.70,65.32 1 1
github.com/stepan/mywebapp/handlers.go:65.32,68.3 2 0
github.com/stepan/mywebapp/handlers.go:69.2,71.27 3 1
github.com/stepan/mywebapp/handlers.go:71.27,74.3 2 0
github.com/stepan/mywebapp/handlers.go:76.2,80.26 3 1
github.com/stepan/mywebapp/handlers.go:80.26,83.3 2 1
github.com/stepan/mywebapp/handlers.go:84.2,84.16 1 0
github.com/stepan/mywebapp/handlers.go:84.16,87.3 2 0
github.com/stepan/mywebapp/handlers.go:89.2,90.43 2 0
github.com/stepan/mywebapp/handlers.go:90.43,93.3 2 0
github.com/stepan/mywebapp/handlers.go:94.2,94.18 1 0
github.com/stepan/mywebapp/handlers.go:97.65,99.16 2 1
github.com/stepan/mywebapp/handlers.go:99.16,102.3 2 0
github.com/stepan/mywebapp/handlers.go:103.2,106.18 3 1
github.com/stepan/mywebapp/handlers.go:106.18,108.52 2 2
github.com/stepan/mywebapp/handlers.go:108.52,111.4 2 0
github.com/stepan/mywebapp/handlers.go:112.3,112.27 1 2
github.com/stepan/mywebapp/handlers.go:114.2,114.18 1 1
github.com/stepan/mywebapp/handlers.go:114.18,116.3 1 0
github.com/stepan/mywebapp/handlers.go:118.2,119.43 2 1
github.com/stepan/mywebapp/handlers.go:119.43,122.3 2 0
github.com/stepan/mywebapp/handlers.go:123.2,123.22 1 1
github.com/stepan/mywebapp/handlers.go:126.66,130.46 3 1
github.com/stepan/mywebapp/handlers.go:130.46,135.63 2 1
github.com/stepan/mywebapp/handlers.go:135.63,138.4 2 0
github.com/stepan/mywebapp/handlers.go:139.3,140.25 2 1
github.com/stepan/mywebapp/handlers.go:141.8,142.39 1 0
github.com/stepan/mywebapp/handlers.go:142.39,145.4 2 0
github.com/stepan/mywebapp/handlers.go:146.3,147.35 2 0
github.com/stepan/mywebapp/handlers.go:150.2,150.34 1 1
github.com/stepan/mywebapp/handlers.go:150.34,153.3 2 0
github.com/stepan/mywebapp/handlers.go:155.2,160.16 3 1
github.com/stepan/mywebapp/handlers.go:160.16,163.3 2 0
github.com/stepan/mywebapp/handlers.go:165.2,167.43 3 1
github.com/stepan/mywebapp/handlers.go:167.43,170.3 2 0
github.com/stepan/mywebapp/handlers.go:171.2,171.18 1 1
github.com/stepan/mywebapp/main.go:17.13,22.16 4 0
github.com/stepan/mywebapp/main.go:22.16,24.3 1 0
github.com/stepan/mywebapp/main.go:26.2,27.16 2 0
github.com/stepan/mywebapp/main.go:27.16,29.3 1 0
github.com/stepan/mywebapp/main.go:30.2,32.36 2 0
github.com/stepan/mywebapp/main.go:32.36,34.3 1 0
github.com/stepan/mywebapp/main.go:36.2,36.18 1 0
github.com/stepan/mywebapp/main.go:36.18,39.3 2 0
github.com/stepan/mywebapp/main.go:41.2,50.33 8 0
github.com/stepan/mywebapp/main.go:50.33,55.39 2 0
github.com/stepan/mywebapp/main.go:55.39,57.4 1 0
github.com/stepan/mywebapp/main.go:60.2,61.38 2 0
github.com/stepan/mywebapp/main.go:61.38,65.3 3 0
github.com/stepan/mywebapp/main.go:67.2,69.16 3 0
github.com/stepan/mywebapp/main.go:69.16,71.3 1 0
github.com/stepan/mywebapp/main.go:72.2,73.11 2 0
github.com/stepan/mywebapp/render.go:15.47,17.53 2 3
github.com/stepan/mywebapp/render.go:17.53,19.3 1 0
github.com/stepan/mywebapp/render.go:22.66,25.26 3 1
github.com/stepan/mywebapp/render.go:25.26,27.3 1 2
github.com/stepan/mywebapp/render.go:28.2,28.41 1 1
github.com/stepan/mywebapp/render.go:31.52,42.2 2 1
